Release 14.7 - xst P.20131013 (lin64)
Copyright (c) 1995-2013 Xilinx, Inc.  All rights reserved.
--> 
Parameter TMPDIR set to xst/projnav.tmp


Total REAL time to Xst completion: 0.00 secs
Total CPU time to Xst completion: 0.08 secs
 
--> 
Parameter xsthdpdir set to xst


Total REAL time to Xst completion: 0.00 secs
Total CPU time to Xst completion: 0.08 secs
 
--> 
Reading design: digital_system_n2.prj

TABLE OF CONTENTS
  1) Synthesis Options Summary
  2) HDL Compilation
  3) Design Hierarchy Analysis
  4) HDL Analysis
  5) HDL Synthesis
     5.1) HDL Synthesis Report
  6) Advanced HDL Synthesis
     6.1) Advanced HDL Synthesis Report
  7) Low Level Synthesis
  8) Partition Report
  9) Final Report
	9.1) Device utilization summary
	9.2) Partition Resource Summary
	9.3) TIMING REPORT


=========================================================================
*                      Synthesis Options Summary                        *
=========================================================================
---- Source Parameters
Input File Name                    : "digital_system_n2.prj"
Input Format                       : mixed
Ignore Synthesis Constraint File   : NO

---- Target Parameters
Output File Name                   : "digital_system_n2"
Output Format                      : NGC
Target Device                      : xc3s100e-4-cp132

---- Source Options
Top Module Name                    : digital_system_n2
Automatic FSM Extraction           : YES
FSM Encoding Algorithm             : Auto
Safe Implementation                : No
FSM Style                          : LUT
RAM Extraction                     : Yes
RAM Style                          : Auto
ROM Extraction                     : Yes
Mux Style                          : Auto
Decoder Extraction                 : YES
Priority Encoder Extraction        : Yes
Shift Register Extraction          : YES
Logical Shifter Extraction         : YES
XOR Collapsing                     : YES
ROM Style                          : Auto
Mux Extraction                     : Yes
Resource Sharing                   : YES
Asynchronous To Synchronous        : NO
Multiplier Style                   : Auto
Automatic Register Balancing       : No

---- Target Options
Add IO Buffers                     : YES
Global Maximum Fanout              : 100000
Add Generic Clock Buffer(BUFG)     : 24
Register Duplication               : YES
Slice Packing                      : YES
Optimize Instantiated Primitives   : NO
Use Clock Enable                   : Yes
Use Synchronous Set                : Yes
Use Synchronous Reset              : Yes
Pack IO Registers into IOBs        : Auto
Equivalent register Removal        : YES

---- General Options
Optimization Goal                  : Speed
Optimization Effort                : 1
Keep Hierarchy                     : No
Netlist Hierarchy                  : As_Optimized
RTL Output                         : Yes
Global Optimization                : AllClockNets
Read Cores                         : YES
Write Timing Constraints           : NO
Cross Clock Analysis               : NO
Hierarchy Separator                : /
Bus Delimiter                      : <>
Case Specifier                     : Maintain
Slice Utilization Ratio            : 100
BRAM Utilization Ratio             : 100
Verilog 2001                       : YES
Auto BRAM Packing                  : NO
Slice Utilization Ratio Delta      : 5

=========================================================================


=========================================================================
*                          HDL Compilation                              *
=========================================================================
Compiling vhdl file "/home/ise/ISE_Projects/digital_watch_n2/display_changer.vhd" in Library work.
Architecture behavioral of Entity display_changer is up to date.
Compiling vhdl file "/home/ise/ISE_Projects/digital_watch_n2/clk_division.vhd" in Library work.
Architecture behavioral of Entity clk_division is up to date.
Compiling vhdl file "/home/ise/ISE_Projects/digital_watch_n2/two_bits_regs.vhd" in Library work.
WARNING:HDLParsers:3530 - Time stamp of file "/home/ise/ISE_Projects/digital_watch_n2/two_bits_regs.vhd" is newer than current system time.
Architecture behavioral of Entity two_bits_regs is up to date.
Compiling vhdl file "/home/ise/ISE_Projects/digital_watch_n2/regs.vhd" in Library work.
Architecture behavioral of Entity four_bits_regs is up to date.
Compiling vhdl file "/home/ise/ISE_Projects/digital_watch_n2/timer_controller.vhd" in Library work.
WARNING:HDLParsers:3530 - Time stamp of file "/home/ise/ISE_Projects/digital_watch_n2/timer_controller.vhd" is newer than current system time.
Architecture behavioral of Entity timer_controller is up to date.
Compiling vhdl file "/home/ise/ISE_Projects/digital_watch_n2/conversor_bin_to_hex.vhd" in Library work.
Architecture behavioral of Entity conversor_bin_to_hex is up to date.
Compiling vhdl file "/home/ise/ISE_Projects/digital_watch_n2/data_flow_n2.vhd" in Library work.
WARNING:HDLParsers:3530 - Time stamp of file "/home/ise/ISE_Projects/digital_watch_n2/data_flow_n2.vhd" is newer than current system time.
Entity <data_flow_n2> compiled.
Entity <data_flow_n2> (Architecture <behavioral>) compiled.
Compiling vhdl file "/home/ise/ISE_Projects/digital_watch_n2/control_unit_n2.vhd" in Library work.
WARNING:HDLParsers:3530 - Time stamp of file "/home/ise/ISE_Projects/digital_watch_n2/control_unit_n2.vhd" is newer than current system time.
Architecture behavioral of Entity control_unit_n2 is up to date.
Compiling vhdl file "/home/ise/ISE_Projects/digital_watch_n2/digital_system_n2.vhd" in Library work.
WARNING:HDLParsers:3530 - Time stamp of file "/home/ise/ISE_Projects/digital_watch_n2/digital_system_n2.vhd" is newer than current system time.
Architecture behavioral of Entity digital_system_n2 is up to date.

=========================================================================
*                     Design Hierarchy Analysis                         *
=========================================================================
Analyzing hierarchy for entity <digital_system_n2> in library <work> (architecture <behavioral>).

Analyzing hierarchy for entity <data_flow_n2> in library <work> (architecture <behavioral>).

Analyzing hierarchy for entity <control_unit_n2> in library <work> (architecture <behavioral>).

Analyzing hierarchy for entity <display_changer> in library <work> (architecture <behavioral>).

Analyzing hierarchy for entity <clk_division> in library <work> (architecture <behavioral>).

Analyzing hierarchy for entity <two_bits_regs> in library <work> (architecture <behavioral>).

Analyzing hierarchy for entity <four_bits_regs> in library <work> (architecture <behavioral>).

Analyzing hierarchy for entity <timer_controller> in library <work> (architecture <behavioral>).

Analyzing hierarchy for entity <conversor_bin_to_hex> in library <work> (architecture <behavioral>).


=========================================================================
*                            HDL Analysis                               *
=========================================================================
Analyzing Entity <digital_system_n2> in library <work> (Architecture <behavioral>).
Entity <digital_system_n2> analyzed. Unit <digital_system_n2> generated.

Analyzing Entity <data_flow_n2> in library <work> (Architecture <behavioral>).
Entity <data_flow_n2> analyzed. Unit <data_flow_n2> generated.

Analyzing Entity <display_changer> in library <work> (Architecture <behavioral>).
WARNING:Xst:819 - "/home/ise/ISE_Projects/digital_watch_n2/display_changer.vhd" line 16: One or more signals are missing in the process sensitivity list. To enable synthesis of FPGA/CPLD hardware, XST will assume that all necessary signals are present in the sensitivity list. Please note that the result of the synthesis may differ from the initial design specification. The missing signals are:
   <anodes_count>, <H1_OUT>, <H0_OUT>, <M1_OUT>, <M0_OUT>
Entity <display_changer> analyzed. Unit <display_changer> generated.

Analyzing Entity <clk_division> in library <work> (Architecture <behavioral>).
Entity <clk_division> analyzed. Unit <clk_division> generated.

Analyzing Entity <two_bits_regs> in library <work> (Architecture <behavioral>).
Entity <two_bits_regs> analyzed. Unit <two_bits_regs> generated.

Analyzing Entity <four_bits_regs> in library <work> (Architecture <behavioral>).
Entity <four_bits_regs> analyzed. Unit <four_bits_regs> generated.

Analyzing Entity <timer_controller> in library <work> (Architecture <behavioral>).
Entity <timer_controller> analyzed. Unit <timer_controller> generated.

Analyzing Entity <conversor_bin_to_hex> in library <work> (Architecture <behavioral>).
Entity <conversor_bin_to_hex> analyzed. Unit <conversor_bin_to_hex> generated.

Analyzing Entity <control_unit_n2> in library <work> (Architecture <behavioral>).
Entity <control_unit_n2> analyzed. Unit <control_unit_n2> generated.


=========================================================================
*                           HDL Synthesis                               *
=========================================================================

Performing bidirectional port resolution...

Synthesizing Unit <control_unit_n2>.
    Related source file is "/home/ise/ISE_Projects/digital_watch_n2/control_unit_n2.vhd".
    Found finite state machine <FSM_0> for signal <current_state>.
    -----------------------------------------------------------------------
    | States             | 9                                              |
    | Transitions        | 27                                             |
    | Inputs             | 6                                              |
    | Outputs            | 6                                              |
    | Clock              | CLK_UC                    (rising_edge)        |
    | Reset              | RST_UC                    (positive)           |
    | Reset type         | asynchronous                                   |
    | Reset State        | e0                                             |
    | Power Up State     | e0                                             |
    | Encoding           | automatic                                      |
    | Implementation     | LUT                                            |
    -----------------------------------------------------------------------
    Summary:
	inferred   1 Finite State Machine(s).
Unit <control_unit_n2> synthesized.


Synthesizing Unit <display_changer>.
    Related source file is "/home/ise/ISE_Projects/digital_watch_n2/display_changer.vhd".
WARNING:Xst:647 - Input <CLK> is never used. This port will be preserved and left unconnected if it belongs to a top-level block or it belongs to a sub-block and the hierarchy of this sub-block is preserved.
    Using one-hot encoding for signal <anodes_count>.
Unit <display_changer> synthesized.


Synthesizing Unit <clk_division>.
    Related source file is "/home/ise/ISE_Projects/digital_watch_n2/clk_division.vhd".
    Found 28-bit comparator less for signal <CLK_1s$cmp_lt0000> created at line 26.
    Found 28-bit up counter for signal <counter>.
    Found 28-bit comparator greatequal for signal <counter$cmp_ge0000> created at line 20.
    Summary:
	inferred   1 Counter(s).
	inferred   2 Comparator(s).
Unit <clk_division> synthesized.


Synthesizing Unit <two_bits_regs>.
    Related source file is "/home/ise/ISE_Projects/digital_watch_n2/two_bits_regs.vhd".
    Found 2-bit register for signal <q_out_temp>.
    Summary:
	inferred   2 D-type flip-flop(s).
Unit <two_bits_regs> synthesized.


Synthesizing Unit <four_bits_regs>.
    Related source file is "/home/ise/ISE_Projects/digital_watch_n2/regs.vhd".
    Found 4-bit register for signal <q_out_temp>.
    Summary:
	inferred   4 D-type flip-flop(s).
Unit <four_bits_regs> synthesized.


Synthesizing Unit <timer_controller>.
    Related source file is "/home/ise/ISE_Projects/digital_watch_n2/timer_controller.vhd".
WARNING:Xst:643 - "/home/ise/ISE_Projects/digital_watch_n2/timer_controller.vhd" line 32: The result of a 2x4-bit multiplication is partially used. Only the 5 least significant bits are used. If you are doing this on purpose, you may safely ignore this warning. Otherwise, make sure you are not losing information, leading to unexpected circuit behavior.
WARNING:Xst:643 - "/home/ise/ISE_Projects/digital_watch_n2/timer_controller.vhd" line 55: The result of a 4x4-bit multiplication is partially used. Only the 4 least significant bits are used. If you are doing this on purpose, you may safely ignore this warning. Otherwise, make sure you are not losing information, leading to unexpected circuit behavior.
WARNING:Xst:643 - "/home/ise/ISE_Projects/digital_watch_n2/timer_controller.vhd" line 64: The result of a 4x4-bit multiplication is partially used. Only the 4 least significant bits are used. If you are doing this on purpose, you may safely ignore this warning. Otherwise, make sure you are not losing information, leading to unexpected circuit behavior.
    Found 32-bit up counter for signal <counter_hour>.
    Found 5-bit adder carry out for signal <counter_hour$addsub0000> created at line 32.
    Found 32-bit comparator greatequal for signal <counter_hour$cmp_ge0000> created at line 43.
    Found 32-bit comparator less for signal <counter_hour$cmp_lt0000> created at line 40.
    Found 32-bit comparator less for signal <counter_hour$cmp_lt0001> created at line 37.
    Found 2x4-bit multiplier for signal <counter_hour$mult0000> created at line 32.
    Found 32-bit up counter for signal <counter_minute>.
    Found 8-bit adder for signal <counter_minute$add0000> created at line 33.
    Found 32-bit comparator greatequal for signal <counter_minute$cmp_ge0000> created at line 37.
    Found 32-bit comparator greatequal for signal <counter_minute$cmp_ge0001> created at line 40.
    Found 4x4-bit multiplier for signal <counter_minute$mult0000> created at line 33.
    Found 32-bit up counter for signal <counter_second>.
    Found 4-bit subtractor for signal <h_out0_bin_signal>.
    Found 4x4-bit multiplier for signal <h_out0_bin_signal$mult0001> created at line 55.
    Found 32-bit comparator greatequal for signal <h_out1_bin_signal$cmp_ge0000> created at line 51.
    Found 32-bit comparator greatequal for signal <h_out1_bin_signal$cmp_ge0001> created at line 51.
    Found 4-bit subtractor for signal <m_out0_bin_signal>.
    Found 4x4-bit multiplier for signal <m_out0_bin_signal$mult0001> created at line 64.
    Found 32-bit comparator greatequal for signal <m_out1_bin_signal$cmp_ge0000> created at line 57.
    Found 32-bit comparator greatequal for signal <m_out1_bin_signal$cmp_ge0001> created at line 57.
    Found 32-bit comparator greatequal for signal <m_out1_bin_signal$cmp_ge0002> created at line 57.
    Found 32-bit comparator greatequal for signal <m_out1_bin_signal$cmp_ge0003> created at line 57.
    Found 32-bit comparator greatequal for signal <m_out1_bin_signal$cmp_ge0004> created at line 57.
    Summary:
	inferred   3 Counter(s).
	inferred   4 Adder/Subtractor(s).
	inferred   4 Multiplier(s).
	inferred  12 Comparator(s).
Unit <timer_controller> synthesized.


Synthesizing Unit <conversor_bin_to_hex>.
    Related source file is "/home/ise/ISE_Projects/digital_watch_n2/conversor_bin_to_hex.vhd".
    Found 16x7-bit ROM for signal <RESULT>.
    Summary:
	inferred   1 ROM(s).
Unit <conversor_bin_to_hex> synthesized.


Synthesizing Unit <data_flow_n2>.
    Related source file is "/home/ise/ISE_Projects/digital_watch_n2/data_flow_n2.vhd".
Unit <data_flow_n2> synthesized.


Synthesizing Unit <digital_system_n2>.
    Related source file is "/home/ise/ISE_Projects/digital_watch_n2/digital_system_n2.vhd".
Unit <digital_system_n2> synthesized.


=========================================================================
HDL Synthesis Report

Macro Statistics
# ROMs                                                 : 4
 16x7-bit ROM                                          : 4
# Multipliers                                          : 4
 2x4-bit multiplier                                    : 1
 4x4-bit multiplier                                    : 3
# Adders/Subtractors                                   : 4
 4-bit subtractor                                      : 2
 5-bit adder carry out                                 : 1
 8-bit adder                                           : 1
# Counters                                             : 4
 28-bit up counter                                     : 1
 32-bit up counter                                     : 3
# Registers                                            : 4
 2-bit register                                        : 1
 4-bit register                                        : 3
# Comparators                                          : 14
 28-bit comparator greatequal                          : 1
 28-bit comparator less                                : 1
 32-bit comparator greatequal                          : 10
 32-bit comparator less                                : 2

=========================================================================

=========================================================================
*                       Advanced HDL Synthesis                          *
=========================================================================

Analyzing FSM <FSM_0> for best encoding.
Optimizing FSM <control_unit/current_state/FSM> on signal <current_state[1:4]> with gray encoding.
-------------------
 State | Encoding
-------------------
 e0    | 0000
 e1    | 0001
 e2    | 0011
 e3    | 0010
 e4    | 0110
 e5    | 0111
 e6    | 0101
 e7    | 1100
 e8    | 0100
-------------------

=========================================================================
Advanced HDL Synthesis Report

Macro Statistics
# FSMs                                                 : 1
# ROMs                                                 : 4
 16x7-bit ROM                                          : 4
# Multipliers                                          : 4
 2x4-bit multiplier                                    : 1
 4x4-bit multiplier                                    : 3
# Adders/Subtractors                                   : 4
 4-bit subtractor                                      : 2
 5-bit adder carry out                                 : 1
 8-bit adder                                           : 1
# Counters                                             : 4
 28-bit up counter                                     : 1
 32-bit up counter                                     : 3
# Registers                                            : 14
 Flip-Flops                                            : 14
# Comparators                                          : 14
 28-bit comparator greatequal                          : 1
 28-bit comparator less                                : 1
 32-bit comparator greatequal                          : 10
 32-bit comparator less                                : 2

=========================================================================

=========================================================================
*                         Low Level Synthesis                           *
=========================================================================
WARNING:Xst:2170 - Unit data_flow_n2 : the following signal(s) form a combinatorial loop: ANODES<0>.

Optimizing unit <digital_system_n2> ...

Optimizing unit <timer_controller> ...

Optimizing unit <data_flow_n2> ...

Mapping all equations...
Building and optimizing final netlist ...
Found area constraint ratio of 100 (+ 5) on block digital_system_n2, actual ratio is 26.

Final Macro Processing ...

=========================================================================
Final Register Report

Macro Statistics
# Registers                                            : 142
 Flip-Flops                                            : 142

=========================================================================

=========================================================================
*                           Partition Report                            *
=========================================================================

Partition Implementation Status
-------------------------------

  No Partitions were found in this design.

-------------------------------

=========================================================================
*                            Final Report                               *
=========================================================================
Final Results
RTL Top Level Output File Name     : digital_system_n2.ngr
Top Level Output File Name         : digital_system_n2
Output Format                      : NGC
Optimization Goal                  : Speed
Keep Hierarchy                     : No

Design Statistics
# IOs                              : 23

Cell Usage :
# BELS                             : 824
#      GND                         : 1
#      INV                         : 27
#      LUT1                        : 104
#      LUT2                        : 41
#      LUT3                        : 91
#      LUT3_D                      : 2
#      LUT4                        : 171
#      LUT4_L                      : 1
#      MUXCY                       : 248
#      MUXF5                       : 6
#      VCC                         : 1
#      XORCY                       : 131
# FlipFlops/Latches                : 142
#      FDC                         : 36
#      FDCE                        : 14
#      FDCPE                       : 64
#      FDR                         : 28
# Clock Buffers                    : 2
#      BUFG                        : 1
#      BUFGP                       : 1
# IO Buffers                       : 22
#      IBUF                        : 11
#      OBUF                        : 11
=========================================================================

Device utilization summary:
---------------------------

Selected Device : 3s100ecp132-4 

 Number of Slices:                      235  out of    960    24%  
 Number of Slice Flip Flops:            142  out of   1920     7%  
 Number of 4 input LUTs:                437  out of   1920    22%  
 Number of IOs:                          23
 Number of bonded IOBs:                  23  out of     83    27%  
 Number of GCLKs:                         2  out of     24     8%  

---------------------------
Partition Resource Summary:
---------------------------

  No Partitions were found in this design.

---------------------------


=========================================================================
TIMING REPORT

NOTE: THESE TIMING NUMBERS ARE ONLY A SYNTHESIS ESTIMATE.
      FOR ACCURATE TIMING INFORMATION PLEASE REFER TO THE TRACE REPORT
      GENERATED AFTER PLACE-and-ROUTE.

Clock Information:
------------------
-------------------------------------------------------------------------------------------------------------------------+----------------------------------------------------------+-------+
Clock Signal                                                                                                             | Clock buffer(FF name)                                    | Load  |
-------------------------------------------------------------------------------------------------------------------------+----------------------------------------------------------+-------+
CLK                                                                                                                      | BUFGP                                                    | 46    |
data_flow/one_second_clock/Mcompar_CLK_1s_cmp_lt0000_cy<7>1(data_flow/one_second_clock/Mcompar_CLK_1s_cmp_lt0000_cy<7>:O)| BUFG(*)(data_flow/timer_controller_Inst/counter_second_0)| 96    |
-------------------------------------------------------------------------------------------------------------------------+----------------------------------------------------------+-------+
(*) This 1 clock signal(s) are generated by combinatorial logic,
and XST is not able to identify which are the primary clock signals.
Please use the CLOCK_SIGNAL constraint to specify the clock signal(s) generated by combinatorial logic.

Asynchronous Control Signals Information:
----------------------------------------
-----------------------------------------------------------------------------------------------------------------------+-------------------------------------------------------+-------+
Control Signal                                                                                                         | Buffer(FF name)                                       | Load  |
-----------------------------------------------------------------------------------------------------------------------+-------------------------------------------------------+-------+
data_flow/timer_controller_Inst/RST_N_inv(data_flow/timer_controller_Inst/RST_N_inv1:O)                                | NONE(data_flow/timer_controller_Inst/counter_hour_10) | 82    |
N0(XST_GND:G)                                                                                                          | NONE(data_flow/timer_controller_Inst/counter_hour_10) | 50    |
clear_uc_clear_df(control_unit/current_state_FSM_Out41:O)                                                              | NONE(data_flow/h_in0_regs/q_out_temp_0)               | 14    |
RST_UC                                                                                                                 | IBUF                                                  | 4     |
data_flow/timer_controller_Inst/counter_hour_0__and0001(data_flow/timer_controller_Inst/counter_hour_0__and00011:O)    | NONE(data_flow/timer_controller_Inst/counter_hour_0)  | 1     |
data_flow/timer_controller_Inst/counter_hour_0__and0002(data_flow/timer_controller_Inst/counter_hour_0__and00021:O)    | NONE(data_flow/timer_controller_Inst/counter_hour_0)  | 1     |
data_flow/timer_controller_Inst/counter_hour_1__and0001(data_flow/timer_controller_Inst/counter_hour_1__and00011:O)    | NONE(data_flow/timer_controller_Inst/counter_hour_1)  | 1     |
data_flow/timer_controller_Inst/counter_hour_1__and0002(data_flow/timer_controller_Inst/counter_hour_1__and00021:O)    | NONE(data_flow/timer_controller_Inst/counter_hour_1)  | 1     |
data_flow/timer_controller_Inst/counter_hour_2__and0001(data_flow/timer_controller_Inst/counter_hour_2__and00011:O)    | NONE(data_flow/timer_controller_Inst/counter_hour_2)  | 1     |
data_flow/timer_controller_Inst/counter_hour_2__and0002(data_flow/timer_controller_Inst/counter_hour_2__and00021:O)    | NONE(data_flow/timer_controller_Inst/counter_hour_2)  | 1     |
data_flow/timer_controller_Inst/counter_hour_3__and0001(data_flow/timer_controller_Inst/counter_hour_3__and00011:O)    | NONE(data_flow/timer_controller_Inst/counter_hour_3)  | 1     |
data_flow/timer_controller_Inst/counter_hour_3__and0002(data_flow/timer_controller_Inst/counter_hour_3__and00021:O)    | NONE(data_flow/timer_controller_Inst/counter_hour_3)  | 1     |
data_flow/timer_controller_Inst/counter_hour_4__and0001(data_flow/timer_controller_Inst/counter_hour_4__and00011:O)    | NONE(data_flow/timer_controller_Inst/counter_hour_4)  | 1     |
data_flow/timer_controller_Inst/counter_hour_4__and0002(data_flow/timer_controller_Inst/counter_hour_4__and00021:O)    | NONE(data_flow/timer_controller_Inst/counter_hour_4)  | 1     |
data_flow/timer_controller_Inst/counter_hour_5__and0001(data_flow/timer_controller_Inst/counter_hour_5__and00011:O)    | NONE(data_flow/timer_controller_Inst/counter_hour_5)  | 1     |
data_flow/timer_controller_Inst/counter_hour_5__and0002(data_flow/timer_controller_Inst/counter_hour_5__and00021:O)    | NONE(data_flow/timer_controller_Inst/counter_hour_5)  | 1     |
data_flow/timer_controller_Inst/counter_minute_0__and0001(data_flow/timer_controller_Inst/counter_minute_0__and00011:O)| NONE(data_flow/timer_controller_Inst/counter_minute_0)| 1     |
data_flow/timer_controller_Inst/counter_minute_0__and0002(data_flow/timer_controller_Inst/counter_minute_0__and00021:O)| NONE(data_flow/timer_controller_Inst/counter_minute_0)| 1     |
data_flow/timer_controller_Inst/counter_minute_1__and0001(data_flow/timer_controller_Inst/counter_minute_1__and00011:O)| NONE(data_flow/timer_controller_Inst/counter_minute_1)| 1     |
data_flow/timer_controller_Inst/counter_minute_1__and0002(data_flow/timer_controller_Inst/counter_minute_1__and00021:O)| NONE(data_flow/timer_controller_Inst/counter_minute_1)| 1     |
data_flow/timer_controller_Inst/counter_minute_2__and0001(data_flow/timer_controller_Inst/counter_minute_2__and00011:O)| NONE(data_flow/timer_controller_Inst/counter_minute_2)| 1     |
data_flow/timer_controller_Inst/counter_minute_2__and0002(data_flow/timer_controller_Inst/counter_minute_2__and00021:O)| NONE(data_flow/timer_controller_Inst/counter_minute_2)| 1     |
data_flow/timer_controller_Inst/counter_minute_3__and0001(data_flow/timer_controller_Inst/counter_minute_3__and00011:O)| NONE(data_flow/timer_controller_Inst/counter_minute_3)| 1     |
data_flow/timer_controller_Inst/counter_minute_3__and0002(data_flow/timer_controller_Inst/counter_minute_3__and00021:O)| NONE(data_flow/timer_controller_Inst/counter_minute_3)| 1     |
data_flow/timer_controller_Inst/counter_minute_4__and0001(data_flow/timer_controller_Inst/counter_minute_4__and00011:O)| NONE(data_flow/timer_controller_Inst/counter_minute_4)| 1     |
data_flow/timer_controller_Inst/counter_minute_4__and0002(data_flow/timer_controller_Inst/counter_minute_4__and00021:O)| NONE(data_flow/timer_controller_Inst/counter_minute_4)| 1     |
data_flow/timer_controller_Inst/counter_minute_5__and0001(data_flow/timer_controller_Inst/counter_minute_5__and00011:O)| NONE(data_flow/timer_controller_Inst/counter_minute_5)| 1     |
data_flow/timer_controller_Inst/counter_minute_5__and0002(data_flow/timer_controller_Inst/counter_minute_5__and00021:O)| NONE(data_flow/timer_controller_Inst/counter_minute_5)| 1     |
data_flow/timer_controller_Inst/counter_minute_6__and0001(data_flow/timer_controller_Inst/counter_minute_6__and00011:O)| NONE(data_flow/timer_controller_Inst/counter_minute_6)| 1     |
data_flow/timer_controller_Inst/counter_minute_6__and0002(data_flow/timer_controller_Inst/counter_minute_6__and00021:O)| NONE(data_flow/timer_controller_Inst/counter_minute_6)| 1     |
data_flow/timer_controller_Inst/counter_minute_7__and0001(data_flow/timer_controller_Inst/counter_minute_7__and00011:O)| NONE(data_flow/timer_controller_Inst/counter_minute_7)| 1     |
data_flow/timer_controller_Inst/counter_minute_7__and0002(data_flow/timer_controller_Inst/counter_minute_7__and00021:O)| NONE(data_flow/timer_controller_Inst/counter_minute_7)| 1     |
-----------------------------------------------------------------------------------------------------------------------+-------------------------------------------------------+-------+

Timing Summary:
---------------
Speed Grade: -4

   Minimum period: 9.823ns (Maximum Frequency: 101.804MHz)
   Minimum input arrival time before clock: 5.310ns
   Maximum output required time after clock: 15.674ns
   Maximum combinational path delay: No path found

Timing Detail:
--------------
All values displayed in nanoseconds (ns)

=========================================================================
Timing constraint: Default period analysis for Clock 'CLK'
  Clock period: 5.322ns (frequency: 187.901MHz)
  Total number of paths / destination ports: 1192 / 74
-------------------------------------------------------------------------
Delay:               5.322ns (Levels of Logic = 9)
  Source:            data_flow/one_second_clock/counter_2 (FF)
  Destination:       data_flow/one_second_clock/counter_27 (FF)
  Source Clock:      CLK rising
  Destination Clock: CLK rising

  Data Path: data_flow/one_second_clock/counter_2 to data_flow/one_second_clock/counter_27
                                Gate     Net
    Cell:in->out      fanout   Delay   Delay  Logical Name (Net Name)
    ----------------------------------------  ------------
     FDR:C->Q              3   0.591   0.706  data_flow/one_second_clock/counter_2 (data_flow/one_second_clock/counter_2)
     LUT1:I0->O            1   0.704   0.000  data_flow/one_second_clock/Mcompar_CLK_1s_cmp_lt0000_cy<0>_0_rt (data_flow/one_second_clock/Mcompar_CLK_1s_cmp_lt0000_cy<0>_0_rt)
     MUXCY:S->O            1   0.464   0.000  data_flow/one_second_clock/Mcompar_CLK_1s_cmp_lt0000_cy<0>_0 (data_flow/one_second_clock/Mcompar_CLK_1s_cmp_lt0000_cy<0>1)
     MUXCY:CI->O           1   0.059   0.000  data_flow/one_second_clock/Mcompar_CLK_1s_cmp_lt0000_cy<1>_0 (data_flow/one_second_clock/Mcompar_CLK_1s_cmp_lt0000_cy<1>1)
     MUXCY:CI->O           1   0.059   0.000  data_flow/one_second_clock/Mcompar_CLK_1s_cmp_lt0000_cy<2>_0 (data_flow/one_second_clock/Mcompar_CLK_1s_cmp_lt0000_cy<2>1)
     MUXCY:CI->O           1   0.059   0.000  data_flow/one_second_clock/Mcompar_CLK_1s_cmp_lt0000_cy<3>_0 (data_flow/one_second_clock/Mcompar_CLK_1s_cmp_lt0000_cy<3>1)
     MUXCY:CI->O           1   0.059   0.000  data_flow/one_second_clock/Mcompar_CLK_1s_cmp_lt0000_cy<4>_0 (data_flow/one_second_clock/Mcompar_CLK_1s_cmp_lt0000_cy<4>1)
     MUXCY:CI->O           1   0.059   0.000  data_flow/one_second_clock/Mcompar_CLK_1s_cmp_lt0000_cy<5>_0 (data_flow/one_second_clock/Mcompar_CLK_1s_cmp_lt0000_cy<5>1)
     MUXCY:CI->O           1   0.059   0.000  data_flow/one_second_clock/Mcompar_CLK_1s_cmp_lt0000_cy<6>_0 (data_flow/one_second_clock/Mcompar_CLK_1s_cmp_lt0000_cy<6>1)
     MUXCY:CI->O          28   0.331   1.261  data_flow/one_second_clock/Mcompar_CLK_1s_cmp_lt0000_cy<7>_0 (data_flow/one_second_clock/counter_cmp_ge0000)
     FDR:R                     0.911          data_flow/one_second_clock/counter_0
    ----------------------------------------
    Total                      5.322ns (3.355ns logic, 1.967ns route)
                                       (63.0% logic, 37.0% route)

=========================================================================
Timing constraint: Default period analysis for Clock 'data_flow/one_second_clock/Mcompar_CLK_1s_cmp_lt0000_cy<7>1'
  Clock period: 9.823ns (frequency: 101.804MHz)
  Total number of paths / destination ports: 28208 / 160
-------------------------------------------------------------------------
Delay:               9.823ns (Levels of Logic = 44)
  Source:            data_flow/timer_controller_Inst/counter_second_0 (FF)
  Destination:       data_flow/timer_controller_Inst/counter_second_31 (FF)
  Source Clock:      data_flow/one_second_clock/Mcompar_CLK_1s_cmp_lt0000_cy<7>1 rising
  Destination Clock: data_flow/one_second_clock/Mcompar_CLK_1s_cmp_lt0000_cy<7>1 rising

  Data Path: data_flow/timer_controller_Inst/counter_second_0 to data_flow/timer_controller_Inst/counter_second_31
                                Gate     Net
    Cell:in->out      fanout   Delay   Delay  Logical Name (Net Name)
    ----------------------------------------  ------------
     FDC:C->Q              2   0.591   0.622  data_flow/timer_controller_Inst/counter_second_0 (data_flow/timer_controller_Inst/counter_second_0)
     LUT2:I0->O            1   0.704   0.000  data_flow/timer_controller_Inst/Mcompar_counter_minute_cmp_ge0000_lut<0> (data_flow/timer_controller_Inst/Mcompar_counter_minute_cmp_ge0000_lut<0>)
     MUXCY:S->O            1   0.464   0.000  data_flow/timer_controller_Inst/Mcompar_counter_minute_cmp_ge0000_cy<0> (data_flow/timer_controller_Inst/Mcompar_counter_minute_cmp_ge0000_cy<0>)
     MUXCY:CI->O           1   0.059   0.000  data_flow/timer_controller_Inst/Mcompar_counter_minute_cmp_ge0000_cy<1> (data_flow/timer_controller_Inst/Mcompar_counter_minute_cmp_ge0000_cy<1>)
     MUXCY:CI->O           1   0.059   0.000  data_flow/timer_controller_Inst/Mcompar_counter_minute_cmp_ge0000_cy<2> (data_flow/timer_controller_Inst/Mcompar_counter_minute_cmp_ge0000_cy<2>)
     MUXCY:CI->O           1   0.059   0.000  data_flow/timer_controller_Inst/Mcompar_counter_minute_cmp_ge0000_cy<3> (data_flow/timer_controller_Inst/Mcompar_counter_minute_cmp_ge0000_cy<3>)
     MUXCY:CI->O           1   0.059   0.000  data_flow/timer_controller_Inst/Mcompar_counter_minute_cmp_ge0000_cy<4> (data_flow/timer_controller_Inst/Mcompar_counter_minute_cmp_ge0000_cy<4>)
     MUXCY:CI->O           1   0.059   0.000  data_flow/timer_controller_Inst/Mcompar_counter_minute_cmp_ge0000_cy<5> (data_flow/timer_controller_Inst/Mcompar_counter_minute_cmp_ge0000_cy<5>)
     MUXCY:CI->O           1   0.059   0.000  data_flow/timer_controller_Inst/Mcompar_counter_minute_cmp_ge0000_cy<6> (data_flow/timer_controller_Inst/Mcompar_counter_minute_cmp_ge0000_cy<6>)
     MUXCY:CI->O           1   0.059   0.000  data_flow/timer_controller_Inst/Mcompar_counter_minute_cmp_ge0000_cy<7> (data_flow/timer_controller_Inst/Mcompar_counter_minute_cmp_ge0000_cy<7>)
     MUXCY:CI->O           1   0.459   0.499  data_flow/timer_controller_Inst/Mcompar_counter_minute_cmp_ge0000_cy<8> (data_flow/timer_controller_Inst/Mcompar_counter_minute_cmp_ge0000_cy<8>)
     LUT3:I1->O           94   0.704   1.317  data_flow/timer_controller_Inst/Mcompar_counter_minute_cmp_ge0000_cy<10>1 (data_flow/timer_controller_Inst/counter_minute_0__or0000)
     LUT3:I2->O            1   0.704   0.000  data_flow/timer_controller_Inst/Mcount_counter_second_lut<0> (data_flow/timer_controller_Inst/Mcount_counter_second_lut<0>)
     MUXCY:S->O            1   0.464   0.000  data_flow/timer_controller_Inst/Mcount_counter_second_cy<0> (data_flow/timer_controller_Inst/Mcount_counter_second_cy<0>)
     MUXCY:CI->O           1   0.059   0.000  data_flow/timer_controller_Inst/Mcount_counter_second_cy<1> (data_flow/timer_controller_Inst/Mcount_counter_second_cy<1>)
     MUXCY:CI->O           1   0.059   0.000  data_flow/timer_controller_Inst/Mcount_counter_second_cy<2> (data_flow/timer_controller_Inst/Mcount_counter_second_cy<2>)
     MUXCY:CI->O           1   0.059   0.000  data_flow/timer_controller_Inst/Mcount_counter_second_cy<3> (data_flow/timer_controller_Inst/Mcount_counter_second_cy<3>)
     MUXCY:CI->O           1   0.059   0.000  data_flow/timer_controller_Inst/Mcount_counter_second_cy<4> (data_flow/timer_controller_Inst/Mcount_counter_second_cy<4>)
     MUXCY:CI->O           1   0.059   0.000  data_flow/timer_controller_Inst/Mcount_counter_second_cy<5> (data_flow/timer_controller_Inst/Mcount_counter_second_cy<5>)
     MUXCY:CI->O           1   0.059   0.000  data_flow/timer_controller_Inst/Mcount_counter_second_cy<6> (data_flow/timer_controller_Inst/Mcount_counter_second_cy<6>)
     MUXCY:CI->O           1   0.059   0.000  data_flow/timer_controller_Inst/Mcount_counter_second_cy<7> (data_flow/timer_controller_Inst/Mcount_counter_second_cy<7>)
     MUXCY:CI->O           1   0.059   0.000  data_flow/timer_controller_Inst/Mcount_counter_second_cy<8> (data_flow/timer_controller_Inst/Mcount_counter_second_cy<8>)
     MUXCY:CI->O           1   0.059   0.000  data_flow/timer_controller_Inst/Mcount_counter_second_cy<9> (data_flow/timer_controller_Inst/Mcount_counter_second_cy<9>)
     MUXCY:CI->O           1   0.059   0.000  data_flow/timer_controller_Inst/Mcount_counter_second_cy<10> (data_flow/timer_controller_Inst/Mcount_counter_second_cy<10>)
     MUXCY:CI->O           1   0.059   0.000  data_flow/timer_controller_Inst/Mcount_counter_second_cy<11> (data_flow/timer_controller_Inst/Mcount_counter_second_cy<11>)
     MUXCY:CI->O           1   0.059   0.000  data_flow/timer_controller_Inst/Mcount_counter_second_cy<12> (data_flow/timer_controller_Inst/Mcount_counter_second_cy<12>)
     MUXCY:CI->O           1   0.059   0.000  data_flow/timer_controller_Inst/Mcount_counter_second_cy<13> (data_flow/timer_controller_Inst/Mcount_counter_second_cy<13>)
     MUXCY:CI->O           1   0.059   0.000  data_flow/timer_controller_Inst/Mcount_counter_second_cy<14> (data_flow/timer_controller_Inst/Mcount_counter_second_cy<14>)
     MUXCY:CI->O           1   0.059   0.000  data_flow/timer_controller_Inst/Mcount_counter_second_cy<15> (data_flow/timer_controller_Inst/Mcount_counter_second_cy<15>)
     MUXCY:CI->O           1   0.059   0.000  data_flow/timer_controller_Inst/Mcount_counter_second_cy<16> (data_flow/timer_controller_Inst/Mcount_counter_second_cy<16>)
     MUXCY:CI->O           1   0.059   0.000  data_flow/timer_controller_Inst/Mcount_counter_second_cy<17> (data_flow/timer_controller_Inst/Mcount_counter_second_cy<17>)
     MUXCY:CI->O           1   0.059   0.000  data_flow/timer_controller_Inst/Mcount_counter_second_cy<18> (data_flow/timer_controller_Inst/Mcount_counter_second_cy<18>)
     MUXCY:CI->O           1   0.059   0.000  data_flow/timer_controller_Inst/Mcount_counter_second_cy<19> (data_flow/timer_controller_Inst/Mcount_counter_second_cy<19>)
     MUXCY:CI->O           1   0.059   0.000  data_flow/timer_controller_Inst/Mcount_counter_second_cy<20> (data_flow/timer_controller_Inst/Mcount_counter_second_cy<20>)
     MUXCY:CI->O           1   0.059   0.000  data_flow/timer_controller_Inst/Mcount_counter_second_cy<21> (data_flow/timer_controller_Inst/Mcount_counter_second_cy<21>)
     MUXCY:CI->O           1   0.059   0.000  data_flow/timer_controller_Inst/Mcount_counter_second_cy<22> (data_flow/timer_controller_Inst/Mcount_counter_second_cy<22>)
     MUXCY:CI->O           1   0.059   0.000  data_flow/timer_controller_Inst/Mcount_counter_second_cy<23> (data_flow/timer_controller_Inst/Mcount_counter_second_cy<23>)
     MUXCY:CI->O           1   0.059   0.000  data_flow/timer_controller_Inst/Mcount_counter_second_cy<24> (data_flow/timer_controller_Inst/Mcount_counter_second_cy<24>)
     MUXCY:CI->O           1   0.059   0.000  data_flow/timer_controller_Inst/Mcount_counter_second_cy<25> (data_flow/timer_controller_Inst/Mcount_counter_second_cy<25>)
     MUXCY:CI->O           1   0.059   0.000  data_flow/timer_controller_Inst/Mcount_counter_second_cy<26> (data_flow/timer_controller_Inst/Mcount_counter_second_cy<26>)
     MUXCY:CI->O           1   0.059   0.000  data_flow/timer_controller_Inst/Mcount_counter_second_cy<27> (data_flow/timer_controller_Inst/Mcount_counter_second_cy<27>)
     MUXCY:CI->O           1   0.059   0.000  data_flow/timer_controller_Inst/Mcount_counter_second_cy<28> (data_flow/timer_controller_Inst/Mcount_counter_second_cy<28>)
     MUXCY:CI->O           1   0.059   0.000  data_flow/timer_controller_Inst/Mcount_counter_second_cy<29> (data_flow/timer_controller_Inst/Mcount_counter_second_cy<29>)
     MUXCY:CI->O           0   0.059   0.000  data_flow/timer_controller_Inst/Mcount_counter_second_cy<30> (data_flow/timer_controller_Inst/Mcount_counter_second_cy<30>)
     XORCY:CI->O           1   0.804   0.000  data_flow/timer_controller_Inst/Mcount_counter_second_xor<31> (data_flow/timer_controller_Inst/Mcount_counter_second31)
     FDC:D                     0.308          data_flow/timer_controller_Inst/counter_second_31
    ----------------------------------------
    Total                      9.823ns (7.385ns logic, 2.438ns route)
                                       (75.2% logic, 24.8% route)

=========================================================================
Timing constraint: Default OFFSET IN BEFORE for Clock 'CLK'
  Total number of paths / destination ports: 37 / 18
-------------------------------------------------------------------------
Offset:              5.310ns (Levels of Logic = 4)
  Source:            BTN_H1 (PAD)
  Destination:       control_unit/current_state_FSM_FFd2 (FF)
  Destination Clock: CLK rising

  Data Path: BTN_H1 to control_unit/current_state_FSM_FFd2
                                Gate     Net
    Cell:in->out      fanout   Delay   Delay  Logical Name (Net Name)
    ----------------------------------------  ------------
     IBUF:I->O             4   1.218   0.762  BTN_H1_IBUF (BTN_H1_IBUF)
     LUT3:I0->O            1   0.704   0.455  control_unit/current_state_FSM_FFd2-In20 (control_unit/current_state_FSM_FFd2-In20)
     LUT4:I2->O            1   0.704   0.455  control_unit/current_state_FSM_FFd2-In24 (control_unit/current_state_FSM_FFd2-In24)
     LUT3:I2->O            1   0.704   0.000  control_unit/current_state_FSM_FFd2-In31 (control_unit/current_state_FSM_FFd2-In)
     FDC:D                     0.308          control_unit/current_state_FSM_FFd2
    ----------------------------------------
    Total                      5.310ns (3.638ns logic, 1.672ns route)
                                       (68.5% logic, 31.5% route)

=========================================================================
Timing constraint: Default OFFSET OUT AFTER for Clock 'data_flow/one_second_clock/Mcompar_CLK_1s_cmp_lt0000_cy<7>1'
  Total number of paths / destination ports: 17142 / 7
-------------------------------------------------------------------------
Offset:              15.674ns (Levels of Logic = 20)
  Source:            data_flow/timer_controller_Inst/counter_hour_2 (FF)
  Destination:       SEVEN_SEGMENTS_DISPLAY<3> (PAD)
  Source Clock:      data_flow/one_second_clock/Mcompar_CLK_1s_cmp_lt0000_cy<7>1 rising

  Data Path: data_flow/timer_controller_Inst/counter_hour_2 to SEVEN_SEGMENTS_DISPLAY<3>
                                Gate     Net
    Cell:in->out      fanout   Delay   Delay  Logical Name (Net Name)
    ----------------------------------------  ------------
     FDCPE:C->Q            8   0.591   0.932  data_flow/timer_controller_Inst/counter_hour_2 (data_flow/timer_controller_Inst/counter_hour_2)
     LUT1:I0->O            1   0.704   0.000  data_flow/timer_controller_Inst/Mcompar_h_out1_bin_signal_cmp_ge0000_cy<0>_rt (data_flow/timer_controller_Inst/Mcompar_h_out1_bin_signal_cmp_ge0000_cy<0>_rt)
     MUXCY:S->O            1   0.464   0.000  data_flow/timer_controller_Inst/Mcompar_h_out1_bin_signal_cmp_ge0000_cy<0> (data_flow/timer_controller_Inst/Mcompar_h_out1_bin_signal_cmp_ge0000_cy<0>)
     MUXCY:CI->O           1   0.059   0.000  data_flow/timer_controller_Inst/Mcompar_h_out1_bin_signal_cmp_ge0000_cy<1> (data_flow/timer_controller_Inst/Mcompar_h_out1_bin_signal_cmp_ge0000_cy<1>)
     MUXCY:CI->O           1   0.059   0.000  data_flow/timer_controller_Inst/Mcompar_h_out1_bin_signal_cmp_ge0000_cy<2> (data_flow/timer_controller_Inst/Mcompar_h_out1_bin_signal_cmp_ge0000_cy<2>)
     MUXCY:CI->O           1   0.059   0.000  data_flow/timer_controller_Inst/Mcompar_h_out1_bin_signal_cmp_ge0000_cy<3> (data_flow/timer_controller_Inst/Mcompar_h_out1_bin_signal_cmp_ge0000_cy<3>)
     MUXCY:CI->O           1   0.059   0.000  data_flow/timer_controller_Inst/Mcompar_h_out1_bin_signal_cmp_ge0000_cy<4> (data_flow/timer_controller_Inst/Mcompar_h_out1_bin_signal_cmp_ge0000_cy<4>)
     MUXCY:CI->O           1   0.059   0.000  data_flow/timer_controller_Inst/Mcompar_h_out1_bin_signal_cmp_ge0000_cy<5> (data_flow/timer_controller_Inst/Mcompar_h_out1_bin_signal_cmp_ge0000_cy<5>)
     MUXCY:CI->O           1   0.059   0.000  data_flow/timer_controller_Inst/Mcompar_h_out1_bin_signal_cmp_ge0000_cy<6> (data_flow/timer_controller_Inst/Mcompar_h_out1_bin_signal_cmp_ge0000_cy<6>)
     MUXCY:CI->O           1   0.059   0.000  data_flow/timer_controller_Inst/Mcompar_h_out1_bin_signal_cmp_ge0000_cy<7> (data_flow/timer_controller_Inst/Mcompar_h_out1_bin_signal_cmp_ge0000_cy<7>)
     MUXCY:CI->O           1   0.059   0.000  data_flow/timer_controller_Inst/Mcompar_h_out1_bin_signal_cmp_ge0000_cy<8> (data_flow/timer_controller_Inst/Mcompar_h_out1_bin_signal_cmp_ge0000_cy<8>)
     MUXCY:CI->O           1   0.059   0.000  data_flow/timer_controller_Inst/Mcompar_h_out1_bin_signal_cmp_ge0000_cy<9> (data_flow/timer_controller_Inst/Mcompar_h_out1_bin_signal_cmp_ge0000_cy<9>)
     MUXCY:CI->O           9   0.459   0.995  data_flow/timer_controller_Inst/Mcompar_h_out1_bin_signal_cmp_ge0000_cy<10> (data_flow/h1_bin_signal<1>)
     LUT4:I0->O            1   0.704   0.000  data_flow/timer_controller_Inst/h_out0_bin_signal<3>1 (data_flow/timer_controller_Inst/h_out0_bin_signal<3>)
     MUXF5:I1->O           8   0.321   0.932  data_flow/timer_controller_Inst/h_out0_bin_signal<3>_f5 (data_flow/h0_bin_signal<3>)
     LUT3:I0->O            1   0.704   0.455  data_flow/display_changer_inst/SEVEN_SEGMENTS_DISPLAY<0>1164_SW0_SW1 (N56)
     LUT4:I2->O            1   0.704   0.424  data_flow/display_changer_inst/SEVEN_SEGMENTS_DISPLAY<0>1164_SW0 (N34)
     LUT4:I3->O            1   0.704   0.424  data_flow/display_changer_inst/SEVEN_SEGMENTS_DISPLAY<0>1164 (data_flow/display_changer_inst/SEVEN_SEGMENTS_DISPLAY<0>1164)
     LUT4:I3->O            2   0.704   0.526  data_flow/display_changer_inst/SEVEN_SEGMENTS_DISPLAY<0>11108 (data_flow/N7)
     LUT4:I1->O            1   0.704   0.420  data_flow/display_changer_inst/SEVEN_SEGMENTS_DISPLAY<0>73 (SEVEN_SEGMENTS_DISPLAY_0_OBUF)
     OBUF:I->O                 3.272          SEVEN_SEGMENTS_DISPLAY_0_OBUF (SEVEN_SEGMENTS_DISPLAY<0>)
    ----------------------------------------
    Total                     15.674ns (10.566ns logic, 5.108ns route)
                                       (67.4% logic, 32.6% route)

=========================================================================


Total REAL time to Xst completion: 18.00 secs
Total CPU time to Xst completion: 16.28 secs
 
--> 


Total memory usage is 524428 kilobytes

Number of errors   :    0 (   0 filtered)
Number of warnings :   11 (   0 filtered)
Number of infos    :    0 (   0 filtered)

