AR conversor_bin_to_hex behavioral /home/ise/ISE_Projects/digital_watch_n2/conversor_bin_to_hex.vhd sub00/vhpl03 1636691638
EN regs NULL /home/ise/ISE_Projects/digital_watch_n2/regs.vhd sub00/vhpl08 1636689085
AR two_bits_regs behavioral /home/ise/ISE_Projects/digital_watch_n2/two_bits_regs.vhd sub00/vhpl07 1636691634
AR clk_division behavioral /home/ise/ISE_Projects/digital_watch_n2/clk_division.vhd sub00/vhpl05 1636691632
EN clk_division NULL /home/ise/ISE_Projects/digital_watch_n2/clk_division.vhd sub00/vhpl04 1636691631
AR data_flow_n2 behavioral /home/ise/ISE_Projects/digital_watch_n2/data_flow_n2.vhd sub00/vhpl01 1636691640
EN four_bits_regs NULL /home/ise/ISE_Projects/digital_watch_n2/regs.vhd sub00/vhpl10 1636691635
EN conversor_bin_to_hex NULL /home/ise/ISE_Projects/digital_watch_n2/conversor_bin_to_hex.vhd sub00/vhpl02 1636691637
EN two_bits_regs NULL /home/ise/ISE_Projects/digital_watch_n2/two_bits_regs.vhd sub00/vhpl06 1636691633
EN data_flow_n2 NULL /home/ise/ISE_Projects/digital_watch_n2/data_flow_n2.vhd sub00/vhpl00 1636691639
AR regs behavioral /home/ise/ISE_Projects/digital_watch_n2/regs.vhd sub00/vhpl09 1636689086
AR four_bits_regs behavioral /home/ise/ISE_Projects/digital_watch_n2/regs.vhd sub00/vhpl11 1636691636
