AR conversor_bin_to_hex behavioral /home/ise/ISE_Projects/digital_watch_n2/conversor_bin_to_hex.vhd sub00/vhpl03 1636874086
EN control_unit_n2 NULL /home/ise/ISE_Projects/digital_watch_n2/control_unit_n2.vhd sub00/vhpl12 1636874089
EN regs NULL /home/ise/ISE_Projects/digital_watch_n2/regs.vhd sub00/vhpl08 1636689085
AR two_bits_regs behavioral /home/ise/ISE_Projects/digital_watch_n2/two_bits_regs.vhd sub00/vhpl07 1636874080
AR digital_system_n2 behavioral /home/ise/ISE_Projects/digital_watch_n2/digital_system_n2.vhd sub00/vhpl15 1636874092
AR clk_division behavioral /home/ise/ISE_Projects/digital_watch_n2/clk_division.vhd sub00/vhpl05 1636874078
AR control_unit_n2 behavioral /home/ise/ISE_Projects/digital_watch_n2/control_unit_n2.vhd sub00/vhpl13 1636874090
EN clk_division NULL /home/ise/ISE_Projects/digital_watch_n2/clk_division.vhd sub00/vhpl04 1636874077
AR data_flow_n2 behavioral /home/ise/ISE_Projects/digital_watch_n2/data_flow_n2.vhd sub00/vhpl01 1636874088
EN digital_system_n2 NULL /home/ise/ISE_Projects/digital_watch_n2/digital_system_n2.vhd sub00/vhpl14 1636874091
EN display_changer NULL /home/ise/ISE_Projects/digital_watch_n2/display_changer.vhd sub00/vhpl18 1636874075
EN four_bits_regs NULL /home/ise/ISE_Projects/digital_watch_n2/regs.vhd sub00/vhpl10 1636874081
AR timer_controller behavioral /home/ise/ISE_Projects/digital_watch_n2/timer_controller.vhd sub00/vhpl17 1636874084
AR display_changer behavioral /home/ise/ISE_Projects/digital_watch_n2/display_changer.vhd sub00/vhpl19 1636874076
EN conversor_bin_to_hex NULL /home/ise/ISE_Projects/digital_watch_n2/conversor_bin_to_hex.vhd sub00/vhpl02 1636874085
EN two_bits_regs NULL /home/ise/ISE_Projects/digital_watch_n2/two_bits_regs.vhd sub00/vhpl06 1636874079
EN data_flow_n2 NULL /home/ise/ISE_Projects/digital_watch_n2/data_flow_n2.vhd sub00/vhpl00 1636874087
EN timer_controller NULL /home/ise/ISE_Projects/digital_watch_n2/timer_controller.vhd sub00/vhpl16 1636874083
AR regs behavioral /home/ise/ISE_Projects/digital_watch_n2/regs.vhd sub00/vhpl09 1636689086
AR four_bits_regs behavioral /home/ise/ISE_Projects/digital_watch_n2/regs.vhd sub00/vhpl11 1636874082
