AR conversor_bin_to_hex behavioral /home/ise/ISE_Projects/digital_watch_n2/conversor_bin_to_hex.vhd sub00/vhpl03 1636741142
EN control_unit_n2 NULL /home/ise/ISE_Projects/digital_watch_n2/control_unit_n2.vhd sub00/vhpl12 1636741145
EN regs NULL /home/ise/ISE_Projects/digital_watch_n2/regs.vhd sub00/vhpl08 1636689085
AR two_bits_regs behavioral /home/ise/ISE_Projects/digital_watch_n2/two_bits_regs.vhd sub00/vhpl07 1636741138
AR digital_system_n2 behavioral /home/ise/ISE_Projects/digital_watch_n2/digital_system_n2.vhd sub00/vhpl15 1636741148
AR clk_division behavioral /home/ise/ISE_Projects/digital_watch_n2/clk_division.vhd sub00/vhpl05 1636741136
AR control_unit_n2 behavioral /home/ise/ISE_Projects/digital_watch_n2/control_unit_n2.vhd sub00/vhpl13 1636741146
EN clk_division NULL /home/ise/ISE_Projects/digital_watch_n2/clk_division.vhd sub00/vhpl04 1636741135
AR data_flow_n2 behavioral /home/ise/ISE_Projects/digital_watch_n2/data_flow_n2.vhd sub00/vhpl01 1636741144
EN digital_system_n2 NULL /home/ise/ISE_Projects/digital_watch_n2/digital_system_n2.vhd sub00/vhpl14 1636741147
EN four_bits_regs NULL /home/ise/ISE_Projects/digital_watch_n2/regs.vhd sub00/vhpl10 1636741139
EN conversor_bin_to_hex NULL /home/ise/ISE_Projects/digital_watch_n2/conversor_bin_to_hex.vhd sub00/vhpl02 1636741141
EN two_bits_regs NULL /home/ise/ISE_Projects/digital_watch_n2/two_bits_regs.vhd sub00/vhpl06 1636741137
EN data_flow_n2 NULL /home/ise/ISE_Projects/digital_watch_n2/data_flow_n2.vhd sub00/vhpl00 1636741143
AR regs behavioral /home/ise/ISE_Projects/digital_watch_n2/regs.vhd sub00/vhpl09 1636689086
AR four_bits_regs behavioral /home/ise/ISE_Projects/digital_watch_n2/regs.vhd sub00/vhpl11 1636741140
