V3 3
FL /home/ise/ISE_Projects/digital_watch_n2/data_flow_n2.vhd 2021/11/09.03:24:09 P.20131013
EN work/data_flow_n2 1636428254 \
      FL /home/ise/ISE_Projects/digital_watch_n2/data_flow_n2.vhd \
      PB ieee/std_logic_1164 1381692176 PB ieee/std_logic_arith 1381692177 \
      PB ieee/STD_LOGIC_UNSIGNED 1381692179
AR work/data_flow_n2/Behavioral 1636428255 \
      FL /home/ise/ISE_Projects/digital_watch_n2/data_flow_n2.vhd \
      EN work/data_flow_n2 1636428254
