V3 35
FL /home/ise/ISE_Projects/digital_watch_n2/clk_division.vhd 2021/11/12.03:22:16 P.20131013
EN work/clk_division 1636874077 \
      FL /home/ise/ISE_Projects/digital_watch_n2/clk_division.vhd \
      PB ieee/std_logic_1164 1381692176 PB ieee/STD_LOGIC_UNSIGNED 1381692179
AR work/clk_division/Behavioral 1636874078 \
      FL /home/ise/ISE_Projects/digital_watch_n2/clk_division.vhd \
      EN work/clk_division 1636874077
FL /home/ise/ISE_Projects/digital_watch_n2/control_unit_n2.vhd 2021/11/15.14:50:02 P.20131013
EN work/control_unit_n2 1636874089 \
      FL /home/ise/ISE_Projects/digital_watch_n2/control_unit_n2.vhd \
      PB ieee/std_logic_1164 1381692176
AR work/control_unit_n2/Behavioral 1636874090 \
      FL /home/ise/ISE_Projects/digital_watch_n2/control_unit_n2.vhd \
      EN work/control_unit_n2 1636874089
FL /home/ise/ISE_Projects/digital_watch_n2/conversor_bin_to_hex.vhd 2021/11/11.01:26:54 P.20131013
EN work/conversor_bin_to_hex 1636874085 \
      FL /home/ise/ISE_Projects/digital_watch_n2/conversor_bin_to_hex.vhd \
      PB ieee/std_logic_1164 1381692176
AR work/conversor_bin_to_hex/Behavioral 1636874086 \
      FL /home/ise/ISE_Projects/digital_watch_n2/conversor_bin_to_hex.vhd \
      EN work/conversor_bin_to_hex 1636874085
FL /home/ise/ISE_Projects/digital_watch_n2/data_flow_n2.vhd 2021/11/15.14:50:02 P.20131013
EN work/data_flow_n2 1636874087 \
      FL /home/ise/ISE_Projects/digital_watch_n2/data_flow_n2.vhd \
      PB ieee/std_logic_1164 1381692176 PB ieee/NUMERIC_STD 1381692181
AR work/data_flow_n2/Behavioral 1636874088 \
      FL /home/ise/ISE_Projects/digital_watch_n2/data_flow_n2.vhd \
      EN work/data_flow_n2 1636874087 CP display_changer CP clk_division \
      CP two_bits_regs CP four_bits_regs CP timer_controller \
      CP conversor_bin_to_hex
FL /home/ise/ISE_Projects/digital_watch_n2/digital_system_n2.vhd 2021/11/15.15:01:13 P.20131013
EN work/digital_system_n2 1636874091 \
      FL /home/ise/ISE_Projects/digital_watch_n2/digital_system_n2.vhd \
      PB ieee/std_logic_1164 1381692176
AR work/digital_system_n2/Behavioral 1636874092 \
      FL /home/ise/ISE_Projects/digital_watch_n2/digital_system_n2.vhd \
      EN work/digital_system_n2 1636874091 CP data_flow_n2 CP control_unit_n2
FL /home/ise/ISE_Projects/digital_watch_n2/display_changer.vhd 2021/11/15.15:04:38 P.20131013
EN work/display_changer 1636874075 \
      FL /home/ise/ISE_Projects/digital_watch_n2/display_changer.vhd \
      PB ieee/std_logic_1164 1381692176
AR work/display_changer/Behavioral 1636874076 \
      FL /home/ise/ISE_Projects/digital_watch_n2/display_changer.vhd \
      EN work/display_changer 1636874075
FL /home/ise/ISE_Projects/digital_watch_n2/regs.vhd 2021/11/12.03:52:08 P.20131013
EN work/four_bits_regs 1636874081 \
      FL /home/ise/ISE_Projects/digital_watch_n2/regs.vhd PB ieee/std_logic_1164 1381692176
AR work/four_bits_regs/Behavioral 1636874082 \
      FL /home/ise/ISE_Projects/digital_watch_n2/regs.vhd EN work/four_bits_regs 1636874081
FL /home/ise/ISE_Projects/digital_watch_n2/timer_controller.vhd 2021/11/15.14:50:02 P.20131013
EN work/timer_controller 1636874083 \
      FL /home/ise/ISE_Projects/digital_watch_n2/timer_controller.vhd \
      PB ieee/std_logic_1164 1381692176 PB ieee/NUMERIC_STD 1381692181
AR work/timer_controller/Behavioral 1636874084 \
      FL /home/ise/ISE_Projects/digital_watch_n2/timer_controller.vhd \
      EN work/timer_controller 1636874083
FL /home/ise/ISE_Projects/digital_watch_n2/two_bits_regs.vhd 2021/11/15.14:50:02 P.20131013
EN work/two_bits_regs 1636874079 \
      FL /home/ise/ISE_Projects/digital_watch_n2/two_bits_regs.vhd \
      PB ieee/std_logic_1164 1381692176
AR work/two_bits_regs/Behavioral 1636874080 \
      FL /home/ise/ISE_Projects/digital_watch_n2/two_bits_regs.vhd \
      EN work/two_bits_regs 1636874079
